exports[`test Filters renders filters and handle data change 1`] = `
<form>
  <label>
    <input
      onChange={[Function]}
      placeholder="Search..."
      type="text"
      value="pickachu" />
  </label>
  <p>
    <label>
      <input
        checked={true}
        onChange={[Function]}
        type="checkbox" />
      Only show favorite pokemon
    </label>
  </p>
</form>
`;
